---
source: src/lib/codegen/canisters/utils/candid.rs
expression: "format!(\"{:#?}\", result)"
---
(
    "get_snapshot",
    "nat64",
    "record { value : text; timestamp : nat64 }",
)
