---
source: src/lib/codegen/components/snapshot_indexer_evm.rs
expression: "SrcString::from(generated_user_impl_template.lib)"
---

