---
source: src/lib/codegen/components/snapshot_indexer_icp.rs
expression: generated_codes.types.unwrap()
---
use sample_snapshot_indexer_icp_bindings as bindings;
pub type ResponseType = bindings::ResponseType;

