---
source: src/lib/codegen/components/snapshot_indexer_https.rs
expression: "&manifest.generate_scripts(Network::Local).unwrap()"
---
#!/bin/bash
# init
dfx canister  call sample_snapshot_indexer_https init_in '(variant { "LocalDevelopment" }, record {
                refueling_interval = 86400: nat64;
                vault_intial_supply = 1000000000000: nat;
                indexer = record { 
                    initial_value = 0: nat;
                    refueling_value = 1000000000000: nat;
                    refueling_threshold = 500000000000: nat;
                };
                db = record { 
                    initial_value = 2000000000000: nat;
                    refueling_value = 100000000000: nat;
                    refueling_threshold = 1000000000000: nat;
                };
                proxy = record { 
                    initial_value = 2000000000: nat;
                    refueling_value = 1000000000: nat;
                    refueling_threshold = 1000000000: nat;
                };
        })' --with-cycles 3002000000000 --wallet $(dfx identity get-wallet )
# set_task
dfx canister  call sample_snapshot_indexer_https set_task '(3600, 10)'

