---
source: src/lib/codegen/components/snapshot_indexer_icp.rs
expression: "&SnapshotIndexerICPCodeGenerator::new(manifest).generate_scripts(Network::Local).unwrap()"
---
#!/bin/bash
# init
dfx canister  call sample_snapshot_indexer_icp init_in '(variant { "LocalDevelopment" }, record {
                refueling_interval = 86400: nat64;
                vault_intial_supply = 500000000000: nat;
                indexer = record { 
                    initial_supply = 0: nat;
                    refueling_amount = 3000000000000: nat;
                    refueling_threshold = 1500000000000: nat;
                };
                db = record { 
                    initial_supply = 1000000000000: nat;
                    refueling_amount = 1000000000000: nat;
                    refueling_threshold = 500000000000: nat;
                };
                proxy = record { 
                    initial_supply = 100000000000: nat;
                    refueling_amount = 100000000000: nat;
                    refueling_threshold = 50000000000: nat;
                };
        })' --with-cycles 1600000000000 --wallet $(dfx identity get-wallet )
# setup
dfx canister  call sample_snapshot_indexer_icp setup "(
    \"$(dfx canister  id datasource_canister_id)\",
    
)"
# set_task
dfx canister  call sample_snapshot_indexer_icp set_task '(3600, 0, false)'

