---
source: src/lib/codegen/components/algorithm_lens.rs
expression: "SrcString::from(&manifest.generate_user_impl_template().unwrap())"
---
use sample_algorithm_lens_accessors::*;
#[derive(Clone, Debug, Default, candid::CandidType, serde::Deserialize, serde::Serialize)]
pub struct LensValue {
pub dummy:u64
}
pub async fn calculate(targets:Vec<String>, ) -> LensValue {
let _result = get_last_snapshot_value(targets.get(0usize).unwrap().clone()).await;
todo!() }
