---
source: src/lib/codegen/components/algorithm_indexer.rs
expression: "SrcString::from(&manifest.generate_codes(Option::None).unwrap())"
---
use chainsight_cdk_macros::def_algorithm_indexer_canister;
def_algorithm_indexer_canister!("{
\"common\":{
\"monitor_duration\":3600, \"canister_name\":\"sample_algorithm_indexer\"
}, \"indexing\":{
\"start_from\":17660942, \"chunk_size\":null
}, \"input\":{
\"method_name\":\"proxy_call\", \"response_type\":\"Transfer\", \"source_type\":\"event_indexer\"
}}");
#[derive(Clone, Debug, Default, CandidType, Deserialize, Serialize, Persist, KeyValueStore)]
#[memory_id(1i32)]
pub struct SampleOutput {
pub result:String, pub value:String }
