---
source: src/lib/codegen/components/relayer.rs
expression: generated_user_impl_template.types.unwrap()
---
use sample_relayer_bindings as bindings;
pub type ResponseType = bindings::ResponseType;

