---
source: src/lib/codegen/components/algorithm_indexer.rs
expression: "SrcString::from(&manifest.generate_user_impl_template().unwrap())"
---
use std::collections::HashMap;
#[derive(Clone, Debug, Default, candid::CandidType, serde::Serialize, serde::Deserialize)]
pub struct Transfer {
pub from:String, pub to:String, pub value:String
}
pub fn persist(elem:HashMap<u64, Vec<Transfer>>) {
todo!() }
