---
source: src/lib/codegen/components/algorithm_lens.rs
expression: "&AlgorithmLensCodeGenerator::new(manifest).generate_scripts(Network::Local).unwrap()"
---
#!/bin/bash
# init
dfx canister  call sample_algorithm_lens init_in '(variant { "LocalDevelopment" }, record {
                refueling_interval = 86400: nat64;
                vault_intial_supply = 500000000000: nat;
                indexer = record { 
                    initial_supply = 0: nat;
                    refueling_amount = 3000000000000: nat;
                    refueling_threshold = 1500000000000: nat;
                };
                db = record { 
                    initial_supply = 1000000000000: nat;
                    refueling_amount = 1000000000000: nat;
                    refueling_threshold = 500000000000: nat;
                };
                proxy = record { 
                    initial_supply = 500000000000: nat;
                    refueling_amount = 500000000000: nat;
                    refueling_threshold = 500000000000: nat;
                };
        })' --with-cycles 2000000000000 --wallet $(dfx identity get-wallet )

