---
source: src/lib/codegen/components/snapshot_indexer_https.rs
expression: generated_user_impl_template.lib
---
// Auto-generated code from manifest.
// You update the structure as needed.
// The existence of the SnapshotValue structure must be maintained.
use candid::{Decode, Encode};
#[derive(Debug, Clone, candid::CandidType, candid::Deserialize, serde::Serialize, chainsight_cdk_macros::StableMemoryStorable)]
pub struct SnapshotValue {
    pub status: Status,
}

#[derive(Debug, Clone, candid::CandidType, candid::Deserialize, serde::Serialize, chainsight_cdk_macros::StableMemoryStorable)]
pub struct Status {
    pub error_code: i64,
    pub error_message: String,
}

